// Jest Snapshot v1, https://goo.gl/fbAQLP

exports[`PButton component should match the snapshot 1`] = `<button class="button button--default"></button>`;
