// Jest Snapshot v1, https://goo.gl/fbAQLP

exports[`POrderList component should match the snapshot 1`] = `<ul class="order-list"></ul>`;
