// Jest Snapshot v1, https://goo.gl/fbAQLP

exports[`PInput component should match the snapshot 1`] = `
<div class="field"><input>
  <!---->
</div>
`;
